heteromorphic
heteromorphic
heteromorphic
heteromorphic
heteromorphic
heteromorphic
heteromorphic
heteromorphic
heteromorphic
heteromorphic
heteromorphic
homomorphic
heteromorphic
homomorphic
homomorphic
homomorphic
homomorphic
homomorphic
homomorphic
homomorphic
heteromorphic
heteromorphic
heteromorphic
homomorphic
homomorphic
heteromorphic
homomorphic
homomorphic
heteromorphic
heteromorphic
heteromorphic
heteromorphic
heteromorphic
heteromorphic
heteromorphic

heteromorphic

heteromorphic
heteromorphic
heteromorphic
heteromorphic
heteromorphic
heteromorphic
heteromorphic
heteromorphic

heteromorphic
heteromorphic
heteromorphic
heteromorphic
heteromorphic
heteromorphic
heteromorphic
heteromorphic
heteromorphic
heteromorphic
heteromorphic
heteromorphic
heteromorphic
heteromorphic
heteromorphic
heteromorphic
heteromorphic
heteromorphic
heteromorphic
heteromorphic
heteromorphic
heteromorphic
heteromorphic
heteromorphic
heteromorphic
heteromorphic
heteromorphic
heteromorphic

heteromorphic
heteromorphic
homomorphic
heteromorphic
homomorphic
homomorphic
heteromorphic
heteromorphic
homomorphic
heteromorphic

heteromorphic
heteromorphic





heteromorphic



homomorphic
homomorphic
heteromorphic
heteromorphic
heteromorphic
homomorphic
homomorphic
heteromorphic
heteromorphic
heteromorphic
homomorphic
heteromorphic
heteromorphic
heteromorphic
heteromorphic
heteromorphic
homomorphic
heteromorphic
heteromorphic
homomorphic
homomorphic

heteromorphic
heteromorphic
heteromorphic
heteromorphic

heteromorphic

heteromorphic
heteromorphic
heteromorphic
heteromorphic

heteromorphic
heteromorphic
heteromorphic
heteromorphic
heteromorphic
heteromorphic
heteromorphic
heteromorphic
heteromorphic
heteromorphic
homomorphic
heteromorphic
heteromorphic
heteromorphic




heteromorphic
heteromorphic
heteromorphic

heteromorphic
heteromorphic
heteromorphic
heteromorphic
heteromorphic
heteromorphic
heteromorphic
heteromorphic
heteromorphic
heteromorphic
heteromorphic
heteromorphic






heteromorphic
heteromorphic
heteromorphic
homomorphic
heteromorphic
heteromorphic
heteromorphic
heteromorphic
heteromorphic
heteromorphic
heteromorphic
heteromorphic


heteromorphic
heteromorphic
heteromorphic
heteromorphic
heteromorphic
heteromorphic
heteromorphic

heteromorphic
heteromorphic
heteromorphic
heteromorphic
heteromorphic
heteromorphic
heteromorphic
heteromorphic

heteromorphic
heteromorphic
heteromorphic
heteromorphic
heteromorphic
heteromorphic
heteromorphic
heteromorphic
heteromorphic
heteromorphic
heteromorphic
heteromorphic
heteromorphic
heteromorphic
heteromorphic
homomorphic
heteromorphic
heteromorphic
heteromorphic
heteromorphic
heteromorphic




heteromorphic










heteromorphic
heteromorphic
heteromorphic

heteromorphic
heteromorphic
heteromorphic
heteromorphic
heteromorphic
heteromorphic
heteromorphic
heteromorphic
heteromorphic
heteromorphic
heteromorphic
heteromorphic
heteromorphic
heteromorphic

homomorphic
heteromorphic
homomorphic
homomorphic
heteromorphic
heteromorphic
heteromorphic
heteromorphic
homomorphic
heteromorphic
homomorphic
heteromorphic
homomorphic
homomorphic
heteromorphic
heteromorphic
